[Licensing::Module] Trying to connect to existing licensing client channel...
[Licensing::IpcConnector] Successfully connected to: "LicenseClient-srime" at "2026-05-08T05:42:48.8258319Z"
Built from '6000.4/staging' branch; Version is '6000.4.6f1 (0b051c2e5d54) revision 722204'; Using compiler version '194234433'; Build Type 'Release'
OS: 'Windows 10  (10.0.19045) 64bit Core' Language: 'en' Physical Memory: 16286 MB
BatchMode: 1, IsHumanControllingUs: 0, StartBugReporterOnCrash: 0, Is64bit: 1
System  architecture: x64
Process architecture: x64
Date: 2026-05-08T05:42:48Z

COMMAND LINE ARGUMENTS:
C:\Program Files\Unity\Hub\Editor\6000.4.6f1\Editor\Unity.exe
-batchmode
-quit
-projectPath
C:\Users\srime\Documents\GitHub\BattleSword\BattleSword
-executeMethod
BattleSword.Editor.LanMultiplayerSceneBuilder.Build
-logFile
C:\Users\srime\Documents\GitHub\BattleSword\BattleSword\LanMultiplayerSceneBuilder.log
Successfully changed project path to: C:\Users\srime\Documents\GitHub\BattleSword\BattleSword
C:/Users/srime/Documents/GitHub/BattleSword/BattleSword
Exiting without the bug reporter. Application will terminate with return code 1